[mod-wide] SP_INIT=0xf000 lea_wide=True fine_grained=True
[mod-wide] compiler instrs=2923 module='c4_min/task853_compiler_cfm/mod1.c' (180 bytes) K=64 max_steps=400000
[mod-wide] draft steps=34254 halted=True code_off=2923 n_prtf=50 emitted_words=100 wall=1.29s
[mod-wide] built dim=1464 blocks=263 build=12s peakRSS=1.8GB
[mod-wide] verify_blocks matched=True forwards=1105 accepted=34254/34254 wall=1336.5s ms/step=39.0 eff_K=16 peak_vram=22.6GB
[mod-wide] MODEL accepted all 34254 steps byte-exact: True
[mod-wide] WHOLE-MODULE COMPILER-ON-32BIT-TRANSFORMER byte-exact: True
[mod-wide] emitted bytecode (100 words):
6 0
0 3
9 0
13 0
0 2
9 0
27 0
13 0
1 0
9 0
25 0
8 0
8 0
6 1
0 -1
13 0
0 3
9 0
13 0
0 2
9 0
26 0
11 0
0 -1
9 0
13 0
0 -1
9 0
27 0
8 0
8 0
6 1
0 -1
13 0
1 3
13 0
1 4
13 0
3 0
7 2
11 0
0 -1
9 0
13 0
1 5
13 0
3 13
7 2
8 0
8 0

PROC_DONE
